 ktags test │ ● service connected │ mouse on                                                        
┏━ Customers ━━━━━━━━━━━━━━━━━━━━━━━━━━━━━━━┓┌─ Detail ────────────────────────────────────────────┐
┃no customers in the inventory yet          ┃│                                                     │
┃next: ktags customer list                  ┃│                                                     │
┃                                           ┃│                                                     │
┃                                           ┃│                                                     │
┃                                           ┃│                                                     │
┃                                           ┃│                                                     │
┃                                           ┃│                                                     │
┃                                           ┃│                                                     │
┃                                           ┃│                                                     │
┃                                           ┃│                                                     │
┃                                           ┃│                                                     │
┃                                           ┃│                                                     │
┃                                           ┃│                                                     │
┃                                           ┃│                                                     │
┃                                           ┃│                                                     │
┃                                           ┃│                                                     │
┃                                           ┃│                                                     │
┃                                           ┃│                                                     │
┃                                           ┃│                                                     │
┃                                           ┃│                                                     │
┃                                           ┃│                                                     │
┃                                           ┃│                                                     │
┃                                           ┃│                                                     │
┃                                           ┃│                                                     │
┃                                           ┃│                                                     │
┗━━━━━━━━━━━━━━━━━━━━━━━━━━━━━━━━━━━━━━━━━━━┛└─────────────────────────────────────────────────────┘
 : palette  ? help  tab focus  enter menu  m mouse  q quit                                          
                                                                                                    