 ktags test │ ● service connected │ lima (test) │ ▶ 1 run active │ mouse on                         
┌─ Customers (15) ──────────────────────────┐┏━ lima (test) ━━━━━━━━━━━━━━━━━━━━━━━━━━━━━━━━━━━━━━━┓
│  ! invalid     zulu             -         │┃ Nodes  [Health]  Runs                               ┃
│  ✗ fail        mike             prod      │┃                                                     ┃
│  ✗ fail        oscar            staging   │┃health      ○ missed · 7h                            ┃
│  ✗ unreachable golf             staging ⠋ │┃measured    7h ago (scheduled)                       ┃
│  ○ stale · 5h  kilo             prod      │┃interval    every 15m                                ┃
│› ○ missed · 7h lima             test      │┃stale       older than its interval; not current     ┃
│  ○ stale · 2d  papa             prod      │┃missed      3 scheduled check(s) could not run       ┃
│  ○ never       hotel            staging   │┃connection  reachable · 7h ago                       ┃
│  ○ never       india            test      │┃                                                     ┃
│  ⚠ warn        echo             prod      │┃STATUS          CHECK          AGE      DETAIL       ┃
│  ⚠ warn        foxtrot          staging   │┃✓ ok · stale    ssh.endpoint   7h ago                ┃
│  ✓ ok          alpha            test    ⠋ │┃                                                     ┃
│  ✓ ok          bravo            prod    ⠋ │┃                                                     ┃
│  ✓ ok          charlie          prod      │┃                                                     ┃
│  ✓ ok          delta            staging   │┃                                                     ┃
│                                           │┃                                                     ┃
│                                           │┃                                                     ┃
│                                           │┃                                                     ┃
│                                           │┃                                                     ┃
│                                           │┃                                                     ┃
│                                           │┃                                                     ┃
│                                           │┃                                                     ┃
│                                           │┃                                                     ┃
│                                           │┃                                                     ┃
│                                           │┃                                                     ┃
└───────────────────────────────────────────┘┗━━━━━━━━━━━━━━━━━━━━━━━━━━━━━━━━━━━━━━━━━━━━━━━━━━━━━┛
 : palette  ? help  tab focus  ←→ tabs  enter menu  m mouse  q quit  ▸ fake check  ▸ fake touch  ▸ …
                                                                                                    