 ktags test │ ◌ service reconnecting │ mike (prod) │ ▶ 1 run active │ mouse on                      
 ◌ service connection lost — reconnecting · data from 2m ago · actions disabled                     
┏━ Customers (15) · data from 2m ago ━━━━━━━┓┌─ mike (prod) ───────────────────────────────────────┐
┃  ! invalid     zulu             -         ┃│[Nodes]  Health   Runs                               │
┃› ✗ fail        mike             prod      ┃│                                                     │
┃  ✗ fail        oscar            staging   ┃│cluster   mike-1                                     │
┃  ✗ unreachable golf             staging ⠙ ┃│nodes     3 in the inventory                         │
┃  ○ stale · 5h  kilo             prod      ┃│                                                     │
┃  ○ missed · 7h lima             test      ┃│Per-node role, address, state and last contact       │
┃  ○ stale · 2d  papa             prod      ┃│are not reported by the ktags service yet.           │
┃  ○ never       hotel            staging   ┃│next: ktags customer list                            │
┃  ○ never       india            test      ┃│                                                     │
┃  ⚠ warn        echo             prod      ┃│                                                     │
┃  ⚠ warn        foxtrot          staging   ┃│                                                     │
┃  ✓ ok          alpha            test    ⠙ ┃│                                                     │
┃  ✓ ok          bravo            prod    ⠙ ┃│                                                     │
┃  ✓ ok          charlie          prod      ┃│                                                     │
┃  ✓ ok          delta            staging   ┃│                                                     │
┃                                           ┃│                                                     │
┃                                           ┃│                                                     │
┃                                           ┃│                                                     │
┃                                           ┃│                                                     │
┃                                           ┃│                                                     │
┃                                           ┃│                                                     │
┃                                           ┃│                                                     │
┃                                           ┃│                                                     │
┃                                           ┃│                                                     │
┗━━━━━━━━━━━━━━━━━━━━━━━━━━━━━━━━━━━━━━━━━━━┛└─────────────────────────────────────────────────────┘
 : palette  ? help  tab focus  enter menu  m mouse  q quit  ▸ fake check  ▸ fake touch  ▸ fake wipe 
                                                                                                    