 ktags test │ ● service connected │ bravo (prod) │ ▶ 1 run active │ mouse on                        
┏━ Run 20260911T115800Z-00000003 · fake touch · bravo ━━━━━━━━━━━━━━━━━━━━━━━━━━━━━━━━━━━━━━━━━━━━━┓
┃▶ running · started 2m ago · 2m                                                                   ┃
┃   1 touch: event 1                                                                               ┃
┃   2 touch: event 2                                                                               ┃
┃   3 touch: event 3                                                                               ┃
┃                                                                                                  ┃
┃                                                                                                  ┃
┃                                                                                                  ┃
┃                                                                                                  ┃
┃                                                                                                  ┃
┃                                                                                                  ┃
┃                                                                                                  ┃
┃                                                                                                  ┃
┃                                                                                                  ┃
┃                                                                                                  ┃
┃                                                                                                  ┃
┃                                                                                                  ┃
┃                                                                                                  ┃
┃                                                                                                  ┃
┃                                                                                                  ┃
┃                                                                                                  ┃
┃                                                                                                  ┃
┃                                                                                                  ┃
┃                                                                                                  ┃
┃                                                                                                  ┃
┃                                                                                                  ┃
┗━━━━━━━━━━━━━━━━━━━━━━━━━━━━━━━━━━━━━━━━━━━━━━━━━━━━━━━━━━━━━━━━━━━━━━━━━━━━━━━━━━━━━━━━━━━━━━━━━━┛
 esc back  ctrl+c cancel run  ↑↓ scroll  end follow  : palette  ? help  m mouse                     
                                                                                                    